foo(foo(foo(a,b),c),d)
foo(foo(a,b),bar(c,d))
foo(foo(a,bar(b,c)),d)
foo(a,bar(b,bar(c,d)))
foo(foo(bar(a,b),c),d)
foo(bar(a,b),bar(c,d))
foo(bar(a,bar(b,c)),d)
bar(a,bar(b,bar(c,d)))
foo(foo(foo(a,b),c),d)
foo(foo(a,b),bar(c,d))
foo(foo(a,bar(b,c)),d)
foo(a,bar(b,bar(c,d)))
foo(foo(bar(a,b),c),d)
foo(bar(a,b),bar(c,d))
foo(bar(a,bar(b,c)),d)
bar(a,bar(b,bar(c,d)))
