{ isAbs = false, vol = "", arcs = [] }
{ isAbs = true, vol = "", arcs = [""] }
{ isAbs = true, vol = "", arcs = ["",""] }
{ isAbs = false, vol = "", arcs = ["a"] }
{ isAbs = true, vol = "", arcs = ["a"] }
{ isAbs = true, vol = "", arcs = ["","a"] }
{ isAbs = false, vol = "", arcs = ["a",""] }
{ isAbs = false, vol = "", arcs = ["a","",""] }
{ isAbs = false, vol = "", arcs = ["a","b"] }
""
{ dir = "", file = "" }
{ dir = "", file = "." }
{ dir = "", file = "b" }
{ dir = "b", file = "" }
{ dir = "a", file = "b" }
{ dir = "/", file = "a" }
{ base = "", ext = NONE }
{ base = ".login", ext = NONE }
{ base = "/.login", ext = NONE }
{ base = "a", ext = NONE }
{ base = "a.", ext = NONE }
{ base = "a", ext = SOME "b" }
{ base = "a.b", ext = SOME "c" }
{ base = ".news/comp", ext = NONE }
"a/b"
"../../.."
"../b/"
"../b"
"../b/"
"../b"
"."
"."
"."
"../b/../c"
"../../a/b"
"../a/b"
"a/b"
"/"
"."
"a/.."
"a///.."
"a"
"a/b/.."
"../.."
".."
".."
"///.."
