toLargeInt TO_NEAREST negInf: OK
toLargeInt TO_NEGINF negInf: OK
toLargeInt TO_POSINF negInf: OK
toLargeInt TO_ZERO negInf: OK
toLargeInt TO_NEAREST ~maxFinite: OK
toLargeInt TO_NEGINF ~maxFinite: OK
toLargeInt TO_POSINF ~maxFinite: OK
toLargeInt TO_ZERO ~maxFinite: OK
toLargeInt TO_NEAREST ~3.5: OK
toLargeInt TO_NEGINF ~3.5: OK
toLargeInt TO_POSINF ~3.5: OK
toLargeInt TO_ZERO ~3.5: OK
toLargeInt TO_NEAREST ~3.25: OK
toLargeInt TO_NEGINF ~3.25: OK
toLargeInt TO_POSINF ~3.25: OK
toLargeInt TO_ZERO ~3.25: OK
toLargeInt TO_NEAREST ~3.0: OK
toLargeInt TO_NEGINF ~3.0: OK
toLargeInt TO_POSINF ~3.0: OK
toLargeInt TO_ZERO ~3.0: OK
toLargeInt TO_NEAREST ~2.75: OK
toLargeInt TO_NEGINF ~2.75: OK
toLargeInt TO_POSINF ~2.75: OK
toLargeInt TO_ZERO ~2.75: OK
toLargeInt TO_NEAREST ~2.5: OK
toLargeInt TO_NEGINF ~2.5: OK
toLargeInt TO_POSINF ~2.5: OK
toLargeInt TO_ZERO ~2.5: OK
toLargeInt TO_NEAREST ~2.25: OK
toLargeInt TO_NEGINF ~2.25: OK
toLargeInt TO_POSINF ~2.25: OK
toLargeInt TO_ZERO ~2.25: OK
toLargeInt TO_NEAREST ~2.0: OK
toLargeInt TO_NEGINF ~2.0: OK
toLargeInt TO_POSINF ~2.0: OK
toLargeInt TO_ZERO ~2.0: OK
toLargeInt TO_NEAREST ~1.75: OK
toLargeInt TO_NEGINF ~1.75: OK
toLargeInt TO_POSINF ~1.75: OK
toLargeInt TO_ZERO ~1.75: OK
toLargeInt TO_NEAREST ~1.5: OK
toLargeInt TO_NEGINF ~1.5: OK
toLargeInt TO_POSINF ~1.5: OK
toLargeInt TO_ZERO ~1.5: OK
toLargeInt TO_NEAREST ~1.25: OK
toLargeInt TO_NEGINF ~1.25: OK
toLargeInt TO_POSINF ~1.25: OK
toLargeInt TO_ZERO ~1.25: OK
toLargeInt TO_NEAREST ~1.0: OK
toLargeInt TO_NEGINF ~1.0: OK
toLargeInt TO_POSINF ~1.0: OK
toLargeInt TO_ZERO ~1.0: OK
toLargeInt TO_NEAREST ~0.75: OK
toLargeInt TO_NEGINF ~0.75: OK
toLargeInt TO_POSINF ~0.75: OK
toLargeInt TO_ZERO ~0.75: OK
toLargeInt TO_NEAREST ~0.5: OK
toLargeInt TO_NEGINF ~0.5: OK
toLargeInt TO_POSINF ~0.5: OK
toLargeInt TO_ZERO ~0.5: OK
toLargeInt TO_NEAREST ~0.25: OK
toLargeInt TO_NEGINF ~0.25: OK
toLargeInt TO_POSINF ~0.25: OK
toLargeInt TO_ZERO ~0.25: OK
toLargeInt TO_NEAREST ~minNormalPos: OK
toLargeInt TO_NEGINF ~minNormalPos: OK
toLargeInt TO_POSINF ~minNormalPos: OK
toLargeInt TO_ZERO ~minNormalPos: OK
toLargeInt TO_NEAREST ~minPos: OK
toLargeInt TO_NEGINF ~minPos: OK
toLargeInt TO_POSINF ~minPos: OK
toLargeInt TO_ZERO ~minPos: OK
toLargeInt TO_NEAREST ~0.0: OK
toLargeInt TO_NEGINF ~0.0: OK
toLargeInt TO_POSINF ~0.0: OK
toLargeInt TO_ZERO ~0.0: OK
toLargeInt TO_NEAREST 0.0: OK
toLargeInt TO_NEGINF 0.0: OK
toLargeInt TO_POSINF 0.0: OK
toLargeInt TO_ZERO 0.0: OK
toLargeInt TO_NEAREST minPos: OK
toLargeInt TO_NEGINF minPos: OK
toLargeInt TO_POSINF minPos: OK
toLargeInt TO_ZERO minPos: OK
toLargeInt TO_NEAREST minNormalPos: OK
toLargeInt TO_NEGINF minNormalPos: OK
toLargeInt TO_POSINF minNormalPos: OK
toLargeInt TO_ZERO minNormalPos: OK
toLargeInt TO_NEAREST 0.25: OK
toLargeInt TO_NEGINF 0.25: OK
toLargeInt TO_POSINF 0.25: OK
toLargeInt TO_ZERO 0.25: OK
toLargeInt TO_NEAREST 0.5: OK
toLargeInt TO_NEGINF 0.5: OK
toLargeInt TO_POSINF 0.5: OK
toLargeInt TO_ZERO 0.5: OK
toLargeInt TO_NEAREST 0.75: OK
toLargeInt TO_NEGINF 0.75: OK
toLargeInt TO_POSINF 0.75: OK
toLargeInt TO_ZERO 0.75: OK
toLargeInt TO_NEAREST 1.0: OK
toLargeInt TO_NEGINF 1.0: OK
toLargeInt TO_POSINF 1.0: OK
toLargeInt TO_ZERO 1.0: OK
toLargeInt TO_NEAREST 1.25: OK
toLargeInt TO_NEGINF 1.25: OK
toLargeInt TO_POSINF 1.25: OK
toLargeInt TO_ZERO 1.25: OK
toLargeInt TO_NEAREST 1.5: OK
toLargeInt TO_NEGINF 1.5: OK
toLargeInt TO_POSINF 1.5: OK
toLargeInt TO_ZERO 1.5: OK
toLargeInt TO_NEAREST 1.75: OK
toLargeInt TO_NEGINF 1.75: OK
toLargeInt TO_POSINF 1.75: OK
toLargeInt TO_ZERO 1.75: OK
toLargeInt TO_NEAREST 2.0: OK
toLargeInt TO_NEGINF 2.0: OK
toLargeInt TO_POSINF 2.0: OK
toLargeInt TO_ZERO 2.0: OK
toLargeInt TO_NEAREST 2.25: OK
toLargeInt TO_NEGINF 2.25: OK
toLargeInt TO_POSINF 2.25: OK
toLargeInt TO_ZERO 2.25: OK
toLargeInt TO_NEAREST 2.5: OK
toLargeInt TO_NEGINF 2.5: OK
toLargeInt TO_POSINF 2.5: OK
toLargeInt TO_ZERO 2.5: OK
toLargeInt TO_NEAREST 2.75: OK
toLargeInt TO_NEGINF 2.75: OK
toLargeInt TO_POSINF 2.75: OK
toLargeInt TO_ZERO 2.75: OK
toLargeInt TO_NEAREST 3.0: OK
toLargeInt TO_NEGINF 3.0: OK
toLargeInt TO_POSINF 3.0: OK
toLargeInt TO_ZERO 3.0: OK
toLargeInt TO_NEAREST 3.25: OK
toLargeInt TO_NEGINF 3.25: OK
toLargeInt TO_POSINF 3.25: OK
toLargeInt TO_ZERO 3.25: OK
toLargeInt TO_NEAREST 3.5: OK
toLargeInt TO_NEGINF 3.5: OK
toLargeInt TO_POSINF 3.5: OK
toLargeInt TO_ZERO 3.5: OK
toLargeInt TO_NEAREST maxFinite: OK
toLargeInt TO_NEGINF maxFinite: OK
toLargeInt TO_POSINF maxFinite: OK
toLargeInt TO_ZERO maxFinite: OK
toLargeInt TO_NEAREST posInf: OK
toLargeInt TO_NEGINF posInf: OK
toLargeInt TO_POSINF posInf: OK
toLargeInt TO_ZERO posInf: OK
toLargeInt TO_NEAREST NaN: OK
toLargeInt TO_NEGINF NaN: OK
toLargeInt TO_POSINF NaN: OK
toLargeInt TO_ZERO NaN: OK
